// Jest Snapshot v1, https://goo.gl/fbAQLP

exports[`Entry Component tests Must match snapshot 1`] = `
<div class="entry-container pointer p-3">
  <div class="entry-title d-flex"><span class="text-success fs-5 fw-bold">18</span><span class="mx-1 fs-5">July</span><span class="mx-1 fs-5 fw-light">2021, Sunday</span></div>
  <div class="entry-description">Hi from mock data</div>
</div>
`;
